

StatusCode        : 200
StatusDescription : OK
Content           : {"id":1,"isbn":"978-0132350884","title":"Clean 
                    Code","author":"Robert C. Martin","publisher":"Prentice Hal
                    l","publicationYear":2008,"category":"Programming","descrip
                    tion":"A Handbook of Agile Software...
RawContent        : HTTP/1.1 200 OK
                    Transfer-Encoding: chunked
                    Content-Type: application/json; charset=utf-8
                    Date: Sat, 15 Nov 2025 12:46:58 GMT
                    Server: Kestrel
                    
                    {"id":1,"isbn":"978-0132350884","title":"Clean Code"...
Forms             : 
Headers           : {[Transfer-Encoding, chunked], [Content-Type, 
                    application/json; charset=utf-8], [Date, Sat, 15 Nov 2025 
                    12:46:58 GMT], [Server, Kestrel]}
Images            : {}
InputFields       : {}
Links             : {}
ParsedHtml        : 
RawContentLength  : 273

StatusCode        : 200
StatusDescription : OK
Content           : [{"id":1,"isbn":"978-0132350884","title":"Clean 
                    Code","author":"Robert C. Martin","publisher":"Prentice Hal
                    l","publicationYear":2008,"category":"Programming","descrip
                    tion":"A Handbook of Agile Softwar...
RawContent        : HTTP/1.1 200 OK
                    Transfer-Encoding: chunked
                    Content-Type: application/json; charset=utf-8
                    Date: Sat, 15 Nov 2025 12:46:58 GMT
                    Server: Kestrel
                    
                    [{"id":1,"isbn":"978-0132350884","title":"Clean Code...
Forms             : 
Headers           : {[Transfer-Encoding, chunked], [Content-Type, 
                    application/json; charset=utf-8], [Date, Sat, 15 Nov 2025 
                    12:46:58 GMT], [Server, Kestrel]}
Images            : {}
InputFields       : {}
Links             : {}
ParsedHtml        : 
RawContentLength  : 275

StatusCode        : 200
StatusDescription : OK
Content           : [{"id":3,"isbn":"978-0135957059","title":"The Pragmatic 
                    Programmer","author":"Andrew Hunt","publisher":"Addison-Wes
                    ley","publicationYear":2019,"category":"Programming","descr
                    iption":null,"totalCopies"...
RawContent        : HTTP/1.1 200 OK
                    Transfer-Encoding: chunked
                    Content-Type: application/json; charset=utf-8
                    Date: Sat, 15 Nov 2025 12:46:58 GMT
                    Server: Kestrel
                    
                    [{"id":3,"isbn":"978-0135957059","title":"The Pragma...
Forms             : 
Headers           : {[Transfer-Encoding, chunked], [Content-Type, 
                    application/json; charset=utf-8], [Date, Sat, 15 Nov 2025 
                    12:46:58 GMT], [Server, Kestrel]}
Images            : {}
InputFields       : {}
Links             : {}
ParsedHtml        : 
RawContentLength  : 1513

StatusCode        : 200
StatusDescription : OK
Content           : [{"id":3,"isbn":"978-0135957059","title":"The Pragmatic 
                    Programmer","author":"Andrew Hunt","publisher":"Addison-Wes
                    ley","publicationYear":2019,"category":"Programming","descr
                    iption":null,"totalCopies"...
RawContent        : HTTP/1.1 200 OK
                    Transfer-Encoding: chunked
                    Content-Type: application/json; charset=utf-8
                    Date: Sat, 15 Nov 2025 12:46:58 GMT
                    Server: Kestrel
                    
                    [{"id":3,"isbn":"978-0135957059","title":"The Pragma...
Forms             : 
Headers           : {[Transfer-Encoding, chunked], [Content-Type, 
                    application/json; charset=utf-8], [Date, Sat, 15 Nov 2025 
                    12:46:58 GMT], [Server, Kestrel]}
Images            : {}
InputFields       : {}
Links             : {}
ParsedHtml        : 
RawContentLength  : 2545

StatusCode        : 200
StatusDescription : OK
Content           : {"id":16,"isbn":"978-1234567890","title":"Updated Test 
                    Book","author":"Test Author","publisher":"Test Publisher","
                    publicationYear":2024,"category":"Programming","description
                    ":null,"totalCopies":10,"av...
RawContent        : HTTP/1.1 200 OK
                    Transfer-Encoding: chunked
                    Content-Type: application/json; charset=utf-8
                    Date: Sat, 15 Nov 2025 12:46:58 GMT
                    Server: Kestrel
                    
                    {"id":16,"isbn":"978-1234567890","title":"Updated Te...
Forms             : 
Headers           : {[Transfer-Encoding, chunked], [Content-Type, 
                    application/json; charset=utf-8], [Date, Sat, 15 Nov 2025 
                    12:46:58 GMT], [Server, Kestrel]}
Images            : {}
InputFields       : {}
Links             : {}
ParsedHtml        : 
RawContentLength  : 238

StatusCode        : 200
StatusDescription : OK
Content           : {"id":16,"isbn":"978-1234567890","title":"Updated Test 
                    Book","author":"Test Author","publisher":"Test Publisher","
                    publicationYear":2024,"category":"Programming","description
                    ":null,"totalCopies":10,"av...
RawContent        : HTTP/1.1 200 OK
                    Transfer-Encoding: chunked
                    Content-Type: application/json; charset=utf-8
                    Date: Sat, 15 Nov 2025 12:46:58 GMT
                    Server: Kestrel
                    
                    {"id":16,"isbn":"978-1234567890","title":"Updated Te...
Forms             : 
Headers           : {[Transfer-Encoding, chunked], [Content-Type, 
                    application/json; charset=utf-8], [Date, Sat, 15 Nov 2025 
                    12:46:58 GMT], [Server, Kestrel]}
Images            : {}
InputFields       : {}
Links             : {}
ParsedHtml        : 
RawContentLength  : 238

StatusCode        : 200
StatusDescription : OK
Content           : {"id":1,"name":"Dr. Roberto Cruz","email":"roberto.cruz@fac
                    ulty.edu","phone":"09221234567","userType":"Faculty","isAct
                    ive":true,"booksIssued":1,"maxBorrowLimit":10}
RawContent        : HTTP/1.1 200 OK
                    Transfer-Encoding: chunked
                    Content-Type: application/json; charset=utf-8
                    Date: Sat, 15 Nov 2025 12:46:58 GMT
                    Server: Kestrel
                    
                    {"id":1,"name":"Dr. Roberto Cruz","email":"roberto.c...
Forms             : 
Headers           : {[Transfer-Encoding, chunked], [Content-Type, 
                    application/json; charset=utf-8], [Date, Sat, 15 Nov 2025 
                    12:46:58 GMT], [Server, Kestrel]}
Images            : {}
InputFields       : {}
Links             : {}
ParsedHtml        : 
RawContentLength  : 164

StatusCode        : 200
StatusDescription : OK
Content           : [{"id":13,"name":"Test Student","email":"test.student@unive
                    rsity.edu","phone":null,"userType":"Student","isActive":tru
                    e,"booksIssued":0,"maxBorrowLimit":3},{"id":14,"name":"Test
                     Faculty","email":"test...
RawContent        : HTTP/1.1 200 OK
                    Transfer-Encoding: chunked
                    Content-Type: application/json; charset=utf-8
                    Date: Sat, 15 Nov 2025 12:46:58 GMT
                    Server: Kestrel
                    
                    [{"id":13,"name":"Test Student","email":"test.studen...
Forms             : 
Headers           : {[Transfer-Encoding, chunked], [Content-Type, 
                    application/json; charset=utf-8], [Date, Sat, 15 Nov 2025 
                    12:46:58 GMT], [Server, Kestrel]}
Images            : {}
InputFields       : {}
Links             : {}
ParsedHtml        : 
RawContentLength  : 312

StatusCode        : 200
StatusDescription : OK
Content           : [{"id":4,"name":"Juan Dela Cruz","email":"juan.delacruz@stu
                    dent.edu","phone":"09171234567","userType":"Student","isAct
                    ive":true,"booksIssued":1,"maxBorrowLimit":3},{"id":5,"name
                    ":"Maria Santos","email...
RawContent        : HTTP/1.1 200 OK
                    Transfer-Encoding: chunked
                    Content-Type: application/json; charset=utf-8
                    Date: Sat, 15 Nov 2025 12:46:58 GMT
                    Server: Kestrel
                    
                    [{"id":4,"name":"Juan Dela Cruz","email":"juan.delac...
Forms             : 
Headers           : {[Transfer-Encoding, chunked], [Content-Type, 
                    application/json; charset=utf-8], [Date, Sat, 15 Nov 2025 
                    12:46:58 GMT], [Server, Kestrel]}
Images            : {}
InputFields       : {}
Links             : {}
ParsedHtml        : 
RawContentLength  : 957

StatusCode        : 200
StatusDescription : OK
Content           : [{"id":1,"name":"Dr. Roberto Cruz","email":"roberto.cruz@fa
                    culty.edu","phone":"09221234567","userType":"Faculty","isAc
                    tive":true,"booksIssued":1,"maxBorrowLimit":10},{"id":2,"na
                    me":"Prof. Elena Rodrig...
RawContent        : HTTP/1.1 200 OK
                    Transfer-Encoding: chunked
                    Content-Type: application/json; charset=utf-8
                    Date: Sat, 15 Nov 2025 12:46:58 GMT
                    Server: Kestrel
                    
                    [{"id":1,"name":"Dr. Roberto Cruz","email":"roberto....
Forms             : 
Headers           : {[Transfer-Encoding, chunked], [Content-Type, 
                    application/json; charset=utf-8], [Date, Sat, 15 Nov 2025 
                    12:46:58 GMT], [Server, Kestrel]}
Images            : {}
InputFields       : {}
Links             : {}
ParsedHtml        : 
RawContentLength  : 662

StatusCode        : 200
StatusDescription : OK
Content           : {"id":13,"name":"Updated Test Student","email":"test.studen
                    t@university.edu","phone":null,"userType":"Student","isActi
                    ve":true,"booksIssued":0,"maxBorrowLimit":3}
RawContent        : HTTP/1.1 200 OK
                    Transfer-Encoding: chunked
                    Content-Type: application/json; charset=utf-8
                    Date: Sat, 15 Nov 2025 12:46:58 GMT
                    Server: Kestrel
                    
                    {"id":13,"name":"Updated Test Student","email":"test...
Forms             : 
Headers           : {[Transfer-Encoding, chunked], [Content-Type, 
                    application/json; charset=utf-8], [Date, Sat, 15 Nov 2025 
                    12:46:58 GMT], [Server, Kestrel]}
Images            : {}
InputFields       : {}
Links             : {}
ParsedHtml        : 
RawContentLength  : 162

StatusCode        : 200
StatusDescription : OK
Content           : {"id":1,"userId":4,"userName":"Juan Dela 
                    Cruz","bookId":1,"bookTitle":"Clean Code","borrowDate":"202
                    5-11-10T12:34:20.061871Z","dueDate":"2025-11-24T12:34:20.06
                    1928Z","returnDate":null,"status":"Active...
RawContent        : HTTP/1.1 200 OK
                    Transfer-Encoding: chunked
                    Content-Type: application/json; charset=utf-8
                    Date: Sat, 15 Nov 2025 12:46:59 GMT
                    Server: Kestrel
                    
                    {"id":1,"userId":4,"userName":"Juan Dela Cruz","book...
Forms             : 
Headers           : {[Transfer-Encoding, chunked], [Content-Type, 
                    application/json; charset=utf-8], [Date, Sat, 15 Nov 2025 
                    12:46:59 GMT], [Server, Kestrel]}
Images            : {}
InputFields       : {}
Links             : {}
ParsedHtml        : 
RawContentLength  : 236

StatusCode        : 200
StatusDescription : OK
Content           : [{"id":2,"userId":5,"userName":"Maria 
                    Santos","bookId":2,"bookTitle":"Design Patterns","borrowDat
                    e":"2025-11-08T12:34:20.063431Z","dueDate":"2025-11-22T12:3
                    4:20.063432Z","returnDate":null,"status":"Ac...
RawContent        : HTTP/1.1 200 OK
                    Transfer-Encoding: chunked
                    Content-Type: application/json; charset=utf-8
                    Date: Sat, 15 Nov 2025 12:46:59 GMT
                    Server: Kestrel
                    
                    [{"id":2,"userId":5,"userName":"Maria Santos","bookI...
Forms             : 
Headers           : {[Transfer-Encoding, chunked], [Content-Type, 
                    application/json; charset=utf-8], [Date, Sat, 15 Nov 2025 
                    12:46:59 GMT], [Server, Kestrel]}
Images            : {}
InputFields       : {}
Links             : {}
ParsedHtml        : 
RawContentLength  : 1504

StatusCode        : 200
StatusDescription : OK
Content           : []
RawContent        : HTTP/1.1 200 OK
                    Transfer-Encoding: chunked
                    Content-Type: application/json; charset=utf-8
                    Date: Sat, 15 Nov 2025 12:46:59 GMT
                    Server: Kestrel
                    
                    []
Forms             : 
Headers           : {[Transfer-Encoding, chunked], [Content-Type, 
                    application/json; charset=utf-8], [Date, Sat, 15 Nov 2025 
                    12:46:59 GMT], [Server, Kestrel]}
Images            : {}
InputFields       : {}
Links             : {}
ParsedHtml        : 
RawContentLength  : 2

StatusCode        : 200
StatusDescription : OK
Content           : [{"id":11,"userId":1,"userName":"Dr. Roberto 
                    Cruz","bookId":1,"bookTitle":"Clean Code","borrowDate":"202
                    5-11-15T12:46:59.427114Z","dueDate":"2025-12-15T12:46:59.42
                    7114Z","returnDate":null,"status":"Ac...
RawContent        : HTTP/1.1 200 OK
                    Transfer-Encoding: chunked
                    Content-Type: application/json; charset=utf-8
                    Date: Sat, 15 Nov 2025 12:46:59 GMT
                    Server: Kestrel
                    
                    [{"id":11,"userId":1,"userName":"Dr. Roberto Cruz","...
Forms             : 
Headers           : {[Transfer-Encoding, chunked], [Content-Type, 
                    application/json; charset=utf-8], [Date, Sat, 15 Nov 2025 
                    12:46:59 GMT], [Server, Kestrel]}
Images            : {}
InputFields       : {}
Links             : {}
ParsedHtml        : 
RawContentLength  : 1043

StatusCode        : 200
StatusDescription : OK
Content           : {"id":11,"userId":1,"userName":"Dr. Roberto 
                    Cruz","bookId":1,"bookTitle":"Clean Code","borrowDate":"202
                    5-11-15T12:46:59.427114Z","dueDate":"2025-12-15T12:46:59.42
                    7114Z","returnDate":"2025-11-15T12:47:...
RawContent        : HTTP/1.1 200 OK
                    Transfer-Encoding: chunked
                    Content-Type: application/json; charset=utf-8
                    Date: Sat, 15 Nov 2025 12:46:59 GMT
                    Server: Kestrel
                    
                    {"id":11,"userId":1,"userName":"Dr. Roberto Cruz","b...
Forms             : 
Headers           : {[Transfer-Encoding, chunked], [Content-Type, 
                    application/json; charset=utf-8], [Date, Sat, 15 Nov 2025 
                    12:46:59 GMT], [Server, Kestrel]}
Images            : {}
InputFields       : {}
Links             : {}
ParsedHtml        : 
RawContentLength  : 267

StatusCode        : 200
StatusDescription : OK
Content           : [{"category":"Programming","totalBooks":6,"availableBooks":
                    12,"borrowedBooks":14},{"category":"Computer Science","tota
                    lBooks":4,"availableBooks":5,"borrowedBooks":12},{"category
                    ":"Database","totalBook...
RawContent        : HTTP/1.1 200 OK
                    Transfer-Encoding: chunked
                    Content-Type: application/json; charset=utf-8
                    Date: Sat, 15 Nov 2025 12:47:00 GMT
                    Server: Kestrel
                    
                    [{"category":"Programming","totalBooks":6,"available...
Forms             : 
Headers           : {[Transfer-Encoding, chunked], [Content-Type, 
                    application/json; charset=utf-8], [Date, Sat, 15 Nov 2025 
                    12:47:00 GMT], [Server, Kestrel]}
Images            : {}
InputFields       : {}
Links             : {}
ParsedHtml        : 
RawContentLength  : 313

StatusCode        : 200
StatusDescription : OK
Content           : {"students":{"type":"Student","total":6,"active":6,"current
                    lyBorrowing":0,"maxBorrowLimit":3},"faculty":{"type":"Facul
                    ty","total":4,"active":4,"currentlyBorrowing":0,"maxBorrowL
                    imit":10}}
RawContent        : HTTP/1.1 200 OK
                    Transfer-Encoding: chunked
                    Content-Type: application/json; charset=utf-8
                    Date: Sat, 15 Nov 2025 12:47:00 GMT
                    Server: Kestrel
                    
                    {"students":{"type":"Student","total":6,"active":6,"...
Forms             : 
Headers           : {[Transfer-Encoding, chunked], [Content-Type, 
                    application/json; charset=utf-8], [Date, Sat, 15 Nov 2025 
                    12:47:00 GMT], [Server, Kestrel]}
Images            : {}
InputFields       : {}
Links             : {}
ParsedHtml        : 
RawContentLength  : 187

StatusCode        : 200
StatusDescription : OK
Content           : {"totalFines":3,"pendingFines":3,"paidFines":0,"waivedFines
                    ":0,"totalAmount":110.00,"collectedAmount":0,"pendingAmount
                    ":110.00}
RawContent        : HTTP/1.1 200 OK
                    Transfer-Encoding: chunked
                    Content-Type: application/json; charset=utf-8
                    Date: Sat, 15 Nov 2025 12:47:00 GMT
                    Server: Kestrel
                    
                    {"totalFines":3,"pendingFines":3,"paidFines":0,"waiv...
Forms             : 
Headers           : {[Transfer-Encoding, chunked], [Content-Type, 
                    application/json; charset=utf-8], [Date, Sat, 15 Nov 2025 
                    12:47:00 GMT], [Server, Kestrel]}
Images            : {}
InputFields       : {}
Links             : {}
ParsedHtml        : 
RawContentLength  : 127

StatusCode        : 200
StatusDescription : OK
Content           : [{"year":2025,"month":9,"borrowings":1,"returns":0},{"year"
                    :2025,"month":10,"borrowings":4,"returns":0},{"year":2025,"
                    month":11,"borrowings":6,"returns":3}]
RawContent        : HTTP/1.1 200 OK
                    Transfer-Encoding: chunked
                    Content-Type: application/json; charset=utf-8
                    Date: Sat, 15 Nov 2025 12:47:00 GMT
                    Server: Kestrel
                    
                    [{"year":2025,"month":9,"borrowings":1,"returns":0},...
Forms             : 
Headers           : {[Transfer-Encoding, chunked], [Content-Type, 
                    application/json; charset=utf-8], [Date, Sat, 15 Nov 2025 
                    12:47:00 GMT], [Server, Kestrel]}
Images            : {}
InputFields       : {}
Links             : {}
ParsedHtml        : 
RawContentLength  : 156



